#2026 09 24 10:54:28.897#Z#DEBUG#1a4b8f24-b806-11f1-b026-eeee0a8f5db8.full_stack_node-srv#flowable-async-job-executor-thread-3486#
[PollStageAppStatusExecution] bfb51320-c639-4d6f-a060-331a75f92540 [2026-09-24T10:53:08.721111] Updated app with guid bfb51320-c639-4d6f-a060-331a75f92540 ({"lifecycle"=>{"data"=>{"buildpacks"=>["nodejs_buildpack"]}, "type"=>"buildpack"}}) (STDOUT, API)#
#2026 09 24 10:54:28.897#Z#DEBUG#1a4b8f24-b806-11f1-b026-eeee0a8f5db8.full_stack_node-srv#flowable-async-job-executor-thread-3486#
[PollStageAppStatusExecution] bfb51320-c639-4d6f-a060-331a75f92540 [2026-09-24T10:53:08.814034] Updating process: "web" (STDOUT, API)#
#2026 09 24 10:54:28.897#Z#DEBUG#1a4b8f24-b806-11f1-b026-eeee0a8f5db8.full_stack_node-srv#flowable-async-job-executor-thread-3486#
[PollStageAppStatusExecution] bfb51320-c639-4d6f-a060-331a75f92540 [2026-09-24T10:53:39.435065] Uploading app package for app with guid bfb51320-c639-4d6f-a060-331a75f92540 (STDOUT, API)#
#2026 09 24 10:54:28.897#Z#DEBUG#1a4b8f24-b806-11f1-b026-eeee0a8f5db8.full_stack_node-srv#flowable-async-job-executor-thread-3486#
[PollStageAppStatusExecution] bfb51320-c639-4d6f-a060-331a75f92540 [2026-09-24T10:53:39.607973] Updated app with guid bfb51320-c639-4d6f-a060-331a75f92540 ({"environment_variables"=>"[PRIVATE DATA HIDDEN]"}) (STDOUT, API)#
#2026 09 24 10:54:28.897#Z#DEBUG#1a4b8f24-b806-11f1-b026-eeee0a8f5db8.full_stack_node-srv#flowable-async-job-executor-thread-3486#
[PollStageAppStatusExecution] bfb51320-c639-4d6f-a060-331a75f92540 [2026-09-24T10:54:19.324339] Stopping app with guid bfb51320-c639-4d6f-a060-331a75f92540 (STDOUT, API)#
#2026 09 24 10:54:28.897#Z#DEBUG#1a4b8f24-b806-11f1-b026-eeee0a8f5db8.full_stack_node-srv#flowable-async-job-executor-thread-3486#
[PollStageAppStatusExecution] bfb51320-c639-4d6f-a060-331a75f92540 [2026-09-24T10:54:19.369025] Cell 684caff8-89cd-492b-be01-b3d0835f1763 stopping instance 377e405d-4144-4f18-7ece-6be6 (STDOUT, CELL)#
#2026 09 24 10:54:28.897#Z#DEBUG#1a4b8f24-b806-11f1-b026-eeee0a8f5db8.full_stack_node-srv#flowable-async-job-executor-thread-3486#
[PollStageAppStatusExecution] bfb51320-c639-4d6f-a060-331a75f92540 [2026-09-24T10:54:19.527797] Creating build for app with guid bfb51320-c639-4d6f-a060-331a75f92540 (STDOUT, API)#
#2026 09 24 10:54:28.897#Z#DEBUG#1a4b8f24-b806-11f1-b026-eeee0a8f5db8.full_stack_node-srv#flowable-async-job-executor-thread-3486#
[PollStageAppStatusExecution] bfb51320-c639-4d6f-a060-331a75f92540 [2026-09-24T10:54:19.934968] Downloading nodejs_buildpack... (STDOUT, STG)#
#2026 09 24 10:54:28.897#Z#DEBUG#1a4b8f24-b806-11f1-b026-eeee0a8f5db8.full_stack_node-srv#flowable-async-job-executor-thread-3486#
[PollStageAppStatusExecution] bfb51320-c639-4d6f-a060-331a75f92540 [2026-09-24T10:54:19.980741] Downloaded nodejs_buildpack (STDOUT, STG)#
#2026 09 24 10:54:28.897#Z#DEBUG#1a4b8f24-b806-11f1-b026-eeee0a8f5db8.full_stack_node-srv#flowable-async-job-executor-thread-3486#
[PollStageAppStatusExecution] bfb51320-c639-4d6f-a060-331a75f92540 [2026-09-24T10:54:19.980849] Cell d1cc041a-d5a1-41d6-b9f6-6cda736ce3f0 creating container for instance abbbceca-6d51-4965-9023-619048a225ef (STDOUT, STG)#
#2026 09 24 10:54:28.897#Z#DEBUG#1a4b8f24-b806-11f1-b026-eeee0a8f5db8.full_stack_node-srv#flowable-async-job-executor-thread-3486#
[PollStageAppStatusExecution] bfb51320-c639-4d6f-a060-331a75f92540 [2026-09-24T10:54:20.750795] Security group rules were updated (STDOUT, STG)#
#2026 09 24 10:54:28.897#Z#DEBUG#1a4b8f24-b806-11f1-b026-eeee0a8f5db8.full_stack_node-srv#flowable-async-job-executor-thread-3486#
[PollStageAppStatusExecution] bfb51320-c639-4d6f-a060-331a75f92540 [2026-09-24T10:54:20.805238] Cell d1cc041a-d5a1-41d6-b9f6-6cda736ce3f0 successfully created container for instance abbbceca-6d51-4965-9023-619048a225ef (STDOUT, STG)#
#2026 09 24 10:54:28.897#Z#DEBUG#1a4b8f24-b806-11f1-b026-eeee0a8f5db8.full_stack_node-srv#flowable-async-job-executor-thread-3486#
[PollStageAppStatusExecution] bfb51320-c639-4d6f-a060-331a75f92540 [2026-09-24T10:54:21.245907] Downloading app package... (STDOUT, STG)#
#2026 09 24 10:54:28.897#Z#DEBUG#1a4b8f24-b806-11f1-b026-eeee0a8f5db8.full_stack_node-srv#flowable-async-job-executor-thread-3486#
[PollStageAppStatusExecution] bfb51320-c639-4d6f-a060-331a75f92540 [2026-09-24T10:54:21.245926] Downloading build artifacts cache... (STDOUT, STG)#
#2026 09 24 10:54:28.897#Z#DEBUG#1a4b8f24-b806-11f1-b026-eeee0a8f5db8.full_stack_node-srv#flowable-async-job-executor-thread-3486#
[PollStageAppStatusExecution] bfb51320-c639-4d6f-a060-331a75f92540 [2026-09-24T10:54:21.387019] Downloaded build artifacts cache (216B) (STDOUT, STG)#
#2026 09 24 10:54:38.974#Z#DEBUG#1a4b8f24-b806-11f1-b026-eeee0a8f5db8.full_stack_node-srv#flowable-async-job-executor-thread-3774#
[PollStageAppStatusExecution] bfb51320-c639-4d6f-a060-331a75f92540 [2026-09-24T10:54:28.596159] Downloaded app package (57.8M) (STDOUT, STG)#
#2026 09 24 10:54:38.974#Z#DEBUG#1a4b8f24-b806-11f1-b026-eeee0a8f5db8.full_stack_node-srv#flowable-async-job-executor-thread-3774#
[PollStageAppStatusExecution] bfb51320-c639-4d6f-a060-331a75f92540 [2026-09-24T10:54:28.727666] -----> Nodejs Buildpack version 1.9.4 (STDOUT, STG)#
#2026 09 24 10:54:38.974#Z#DEBUG#1a4b8f24-b806-11f1-b026-eeee0a8f5db8.full_stack_node-srv#flowable-async-job-executor-thread-3774#
[PollStageAppStatusExecution] bfb51320-c639-4d6f-a060-331a75f92540 [2026-09-24T10:54:30.538717] -----> Bootstrapping python (STDOUT, STG)#
#2026 09 24 10:54:38.974#Z#DEBUG#1a4b8f24-b806-11f1-b026-eeee0a8f5db8.full_stack_node-srv#flowable-async-job-executor-thread-3774#
[PollStageAppStatusExecution] bfb51320-c639-4d6f-a060-331a75f92540 [2026-09-24T10:54:30.538746] -----> Installing python 3.13.15 (STDOUT, STG)#
#2026 09 24 10:54:38.974#Z#DEBUG#1a4b8f24-b806-11f1-b026-eeee0a8f5db8.full_stack_node-srv#flowable-async-job-executor-thread-3774#
[PollStageAppStatusExecution] bfb51320-c639-4d6f-a060-331a75f92540 [2026-09-24T10:54:30.538834] Copy [/tmp/buildpacks/5be6efbe8830cdb7/dependencies/6832464ec708e1392d482a6034aa2c94/python_3.13.15_linux_x64_cflinuxfs4_0c9cd9fd.tgz] (STDOUT, STG)#
#2026 09 24 10:54:38.974#Z#DEBUG#1a4b8f24-b806-11f1-b026-eeee0a8f5db8.full_stack_node-srv#flowable-async-job-executor-thread-3774#
[PollStageAppStatusExecution] bfb51320-c639-4d6f-a060-331a75f92540 [2026-09-24T10:54:35.432039] -----> Installing binaries (STDOUT, STG)#
#2026 09 24 10:54:38.974#Z#DEBUG#1a4b8f24-b806-11f1-b026-eeee0a8f5db8.full_stack_node-srv#flowable-async-job-executor-thread-3774#
[PollStageAppStatusExecution] bfb51320-c639-4d6f-a060-331a75f92540 [2026-09-24T10:54:35.432159] engines.node (package.json): ^24 (STDOUT, STG)#
#2026 09 24 10:54:38.974#Z#DEBUG#1a4b8f24-b806-11f1-b026-eeee0a8f5db8.full_stack_node-srv#flowable-async-job-executor-thread-3774#
[PollStageAppStatusExecution] bfb51320-c639-4d6f-a060-331a75f92540 [2026-09-24T10:54:35.432193] engines.npm (package.json): unspecified (use default) (STDOUT, STG)#
#2026 09 24 10:54:38.974#Z#DEBUG#1a4b8f24-b806-11f1-b026-eeee0a8f5db8.full_stack_node-srv#flowable-async-job-executor-thread-3774#
[PollStageAppStatusExecution] bfb51320-c639-4d6f-a060-331a75f92540 [2026-09-24T10:54:35.432270] -----> Installing node 24.19.0 (STDOUT, STG)#
#2026 09 24 10:54:38.974#Z#DEBUG#1a4b8f24-b806-11f1-b026-eeee0a8f5db8.full_stack_node-srv#flowable-async-job-executor-thread-3774#
[PollStageAppStatusExecution] bfb51320-c639-4d6f-a060-331a75f92540 [2026-09-24T10:54:35.432453] Copy [/tmp/buildpacks/5be6efbe8830cdb7/dependencies/cf9035c55d85610a9158faa009b7a7b5/node_24.19.0_linux_x64_cflinuxfs4_9ab26efa.tgz] (STDOUT, STG)#
#2026 09 24 10:54:38.974#Z#DEBUG#1a4b8f24-b806-11f1-b026-eeee0a8f5db8.full_stack_node-srv#flowable-async-job-executor-thread-3774#
[PollStageAppStatusExecution] bfb51320-c639-4d6f-a060-331a75f92540 [2026-09-24T10:54:38.497836] Using default npm version: 11.17.0 (STDOUT, STG)#
#2026 09 24 10:54:38.974#Z#DEBUG#1a4b8f24-b806-11f1-b026-eeee0a8f5db8.full_stack_node-srv#flowable-async-job-executor-thread-3774#
[PollStageAppStatusExecution] bfb51320-c639-4d6f-a060-331a75f92540 [2026-09-24T10:54:38.498026] -----> Installing yarn 1.22.22 (STDOUT, STG)#
#2026 09 24 10:54:38.974#Z#DEBUG#1a4b8f24-b806-11f1-b026-eeee0a8f5db8.full_stack_node-srv#flowable-async-job-executor-thread-3774#
[PollStageAppStatusExecution] bfb51320-c639-4d6f-a060-331a75f92540 [2026-09-24T10:54:38.498069] Copy [/tmp/buildpacks/5be6efbe8830cdb7/dependencies/e4fe26756e9984a665478d350474fa2e/yarn_1.22.22_linux_noarch_any-stack_b6132b86.tgz] (STDOUT, STG)#
#2026 09 24 10:54:49.048#Z#DEBUG#1a4b8f24-b806-11f1-b026-eeee0a8f5db8.full_stack_node-srv#flowable-async-job-executor-thread-3498#
[PollStageAppStatusExecution] bfb51320-c639-4d6f-a060-331a75f92540 [2026-09-24T10:54:38.878383] Installed yarn 1.22.22 (STDOUT, STG)#
#2026 09 24 10:54:49.048#Z#DEBUG#1a4b8f24-b806-11f1-b026-eeee0a8f5db8.full_stack_node-srv#flowable-async-job-executor-thread-3498#
[PollStageAppStatusExecution] bfb51320-c639-4d6f-a060-331a75f92540 [2026-09-24T10:54:38.878422] -----> Creating runtime environment (STDOUT, STG)#
#2026 09 24 10:54:49.048#Z#DEBUG#1a4b8f24-b806-11f1-b026-eeee0a8f5db8.full_stack_node-srv#flowable-async-job-executor-thread-3498#
[PollStageAppStatusExecution] bfb51320-c639-4d6f-a060-331a75f92540 [2026-09-24T10:54:38.878425] NODE_ENV=production (STDOUT, STG)#
#2026 09 24 10:54:49.048#Z#DEBUG#1a4b8f24-b806-11f1-b026-eeee0a8f5db8.full_stack_node-srv#flowable-async-job-executor-thread-3498#
[PollStageAppStatusExecution] bfb51320-c639-4d6f-a060-331a75f92540 [2026-09-24T10:54:38.878529] NODE_HOME=/tmp/contents2425194820/deps/0/node (STDOUT, STG)#
#2026 09 24 10:54:49.048#Z#DEBUG#1a4b8f24-b806-11f1-b026-eeee0a8f5db8.full_stack_node-srv#flowable-async-job-executor-thread-3498#
[PollStageAppStatusExecution] bfb51320-c639-4d6f-a060-331a75f92540 [2026-09-24T10:54:38.878532] NODE_MODULES_CACHE=true (STDOUT, STG)#
#2026 09 24 10:54:49.048#Z#DEBUG#1a4b8f24-b806-11f1-b026-eeee0a8f5db8.full_stack_node-srv#flowable-async-job-executor-thread-3498#
[PollStageAppStatusExecution] bfb51320-c639-4d6f-a060-331a75f92540 [2026-09-24T10:54:38.878534] NODE_VERBOSE=false (STDOUT, STG)#
#2026 09 24 10:54:49.048#Z#DEBUG#1a4b8f24-b806-11f1-b026-eeee0a8f5db8.full_stack_node-srv#flowable-async-job-executor-thread-3498#
[PollStageAppStatusExecution] bfb51320-c639-4d6f-a060-331a75f92540 [2026-09-24T10:54:38.878540] NPM_CONFIG_LOGLEVEL=error (STDOUT, STG)#
#2026 09 24 10:54:49.048#Z#DEBUG#1a4b8f24-b806-11f1-b026-eeee0a8f5db8.full_stack_node-srv#flowable-async-job-executor-thread-3498#
[PollStageAppStatusExecution] bfb51320-c639-4d6f-a060-331a75f92540 [2026-09-24T10:54:38.878543] NPM_CONFIG_PRODUCTION=true (STDOUT, STG)#
#2026 09 24 10:54:49.048#Z#DEBUG#1a4b8f24-b806-11f1-b026-eeee0a8f5db8.full_stack_node-srv#flowable-async-job-executor-thread-3498#
[PollStageAppStatusExecution] bfb51320-c639-4d6f-a060-331a75f92540 [2026-09-24T10:54:38.878579] -----> Building dependencies (STDOUT, STG)#
#2026 09 24 10:54:49.048#Z#DEBUG#1a4b8f24-b806-11f1-b026-eeee0a8f5db8.full_stack_node-srv#flowable-async-job-executor-thread-3498#
[PollStageAppStatusExecution] bfb51320-c639-4d6f-a060-331a75f92540 [2026-09-24T10:54:38.878582] Prebuild detected (node_modules already exists) (STDOUT, STG)#
#2026 09 24 10:54:49.048#Z#DEBUG#1a4b8f24-b806-11f1-b026-eeee0a8f5db8.full_stack_node-srv#flowable-async-job-executor-thread-3498#
[PollStageAppStatusExecution] bfb51320-c639-4d6f-a060-331a75f92540 [2026-09-24T10:54:38.878584] Rebuilding any native modules (STDOUT, STG)#
#2026 09 24 10:54:49.048#Z#DEBUG#1a4b8f24-b806-11f1-b026-eeee0a8f5db8.full_stack_node-srv#flowable-async-job-executor-thread-3498#
[PollStageAppStatusExecution] bfb51320-c639-4d6f-a060-331a75f92540 [2026-09-24T10:54:39.791746] rebuilt dependencies successfully (STDOUT, STG)#
#2026 09 24 10:54:49.048#Z#DEBUG#1a4b8f24-b806-11f1-b026-eeee0a8f5db8.full_stack_node-srv#flowable-async-job-executor-thread-3498#
[PollStageAppStatusExecution] bfb51320-c639-4d6f-a060-331a75f92540 [2026-09-24T10:54:39.793590] npm notice (STDOUT, STG)#
#2026 09 24 10:54:49.048#Z#DEBUG#1a4b8f24-b806-11f1-b026-eeee0a8f5db8.full_stack_node-srv#flowable-async-job-executor-thread-3498#
[PollStageAppStatusExecution] bfb51320-c639-4d6f-a060-331a75f92540 [2026-09-24T10:54:39.793616] npm notice New major version of npm available! 11.17.0 -> 12.1.0 (STDOUT, STG)#
#2026 09 24 10:54:49.048#Z#DEBUG#1a4b8f24-b806-11f1-b026-eeee0a8f5db8.full_stack_node-srv#flowable-async-job-executor-thread-3498#
[PollStageAppStatusExecution] bfb51320-c639-4d6f-a060-331a75f92540 [2026-09-24T10:54:39.793620] npm notice Changelog: https://github.com/npm/cli/releases/tag/v12.1.0 (STDOUT, STG)#
#2026 09 24 10:54:49.048#Z#DEBUG#1a4b8f24-b806-11f1-b026-eeee0a8f5db8.full_stack_node-srv#flowable-async-job-executor-thread-3498#
[PollStageAppStatusExecution] bfb51320-c639-4d6f-a060-331a75f92540 [2026-09-24T10:54:39.793622] npm notice To update run: npm install -g npm@12.1.0 (STDOUT, STG)#
#2026 09 24 10:54:49.048#Z#DEBUG#1a4b8f24-b806-11f1-b026-eeee0a8f5db8.full_stack_node-srv#flowable-async-job-executor-thread-3498#
[PollStageAppStatusExecution] bfb51320-c639-4d6f-a060-331a75f92540 [2026-09-24T10:54:39.793624] npm notice (STDOUT, STG)#
#2026 09 24 10:54:49.048#Z#DEBUG#1a4b8f24-b806-11f1-b026-eeee0a8f5db8.full_stack_node-srv#flowable-async-job-executor-thread-3498#
[PollStageAppStatusExecution] bfb51320-c639-4d6f-a060-331a75f92540 [2026-09-24T10:54:39.871220] Installing any new modules (package.json + package-lock.json) (STDOUT, STG)#
#2026 09 24 10:54:49.048#Z#DEBUG#1a4b8f24-b806-11f1-b026-eeee0a8f5db8.full_stack_node-srv#flowable-async-job-executor-thread-3498#
[PollStageAppStatusExecution] bfb51320-c639-4d6f-a060-331a75f92540 [2026-09-24T10:54:40.727480] up to date in 767ms (STDOUT, STG)#
#2026 09 24 10:54:49.048#Z#DEBUG#1a4b8f24-b806-11f1-b026-eeee0a8f5db8.full_stack_node-srv#flowable-async-job-executor-thread-3498#
[PollStageAppStatusExecution] bfb51320-c639-4d6f-a060-331a75f92540 [2026-09-24T10:54:40.727834] 61 packages are looking for funding (STDOUT, STG)#
#2026 09 24 10:54:49.048#Z#DEBUG#1a4b8f24-b806-11f1-b026-eeee0a8f5db8.full_stack_node-srv#flowable-async-job-executor-thread-3498#
[PollStageAppStatusExecution] bfb51320-c639-4d6f-a060-331a75f92540 [2026-09-24T10:54:40.727984] run `npm fund` for details (STDOUT, STG)#
#2026 09 24 10:54:49.048#Z#DEBUG#1a4b8f24-b806-11f1-b026-eeee0a8f5db8.full_stack_node-srv#flowable-async-job-executor-thread-3498#
[PollStageAppStatusExecution] bfb51320-c639-4d6f-a060-331a75f92540 [2026-09-24T10:54:43.514775] Contrast Security no credentials found. Will not write environment files. (STDOUT, STG)#
#2026 09 24 10:55:09.239#Z#DEBUG#1a4b8f24-b806-11f1-b026-eeee0a8f5db8.full_stack_node-srv#flowable-async-job-executor-thread-3798#
[PollStageAppStatusExecution] bfb51320-c639-4d6f-a060-331a75f92540 [2026-09-24T10:55:07.344792] Exit status 0 (STDOUT, STG)#
#2026 09 24 10:55:09.239#Z#DEBUG#1a4b8f24-b806-11f1-b026-eeee0a8f5db8.full_stack_node-srv#flowable-async-job-executor-thread-3798#
[PollStageAppStatusExecution] bfb51320-c639-4d6f-a060-331a75f92540 [2026-09-24T10:55:07.344855] Uploading droplet, build artifacts cache... (STDOUT, STG)#
#2026 09 24 10:55:09.239#Z#DEBUG#1a4b8f24-b806-11f1-b026-eeee0a8f5db8.full_stack_node-srv#flowable-async-job-executor-thread-3798#
[PollStageAppStatusExecution] bfb51320-c639-4d6f-a060-331a75f92540 [2026-09-24T10:55:07.344895] Uploading droplet... (STDOUT, STG)#
#2026 09 24 10:55:09.239#Z#DEBUG#1a4b8f24-b806-11f1-b026-eeee0a8f5db8.full_stack_node-srv#flowable-async-job-executor-thread-3798#
[PollStageAppStatusExecution] bfb51320-c639-4d6f-a060-331a75f92540 [2026-09-24T10:55:07.345313] Uploading build artifacts cache... (STDOUT, STG)#
#2026 09 24 10:55:09.239#Z#DEBUG#1a4b8f24-b806-11f1-b026-eeee0a8f5db8.full_stack_node-srv#flowable-async-job-executor-thread-3798#
[PollStageAppStatusExecution] bfb51320-c639-4d6f-a060-331a75f92540 [2026-09-24T10:55:07.377315] Uploaded build artifacts cache (224B) (STDOUT, STG)#
#2026 09 24 10:55:09.239#Z#DEBUG#1a4b8f24-b806-11f1-b026-eeee0a8f5db8.full_stack_node-srv#flowable-async-job-executor-thread-3798#
[PollStageAppStatusExecution] bfb51320-c639-4d6f-a060-331a75f92540 [2026-09-24T10:55:08.654005] Creating droplet for app with guid bfb51320-c639-4d6f-a060-331a75f92540 (STDOUT, API)#
#2026 09 24 10:55:19.248#Z#DEBUG#1a4b8f24-b806-11f1-b026-eeee0a8f5db8.full_stack_node-srv#flowable-async-job-executor-thread-3811#
[PollStageAppStatusExecution] bfb51320-c639-4d6f-a060-331a75f92540 [2026-09-24T10:55:11.758677] Uploaded droplet (100.9M) (STDOUT, STG)#
#2026 09 24 10:55:19.248#Z#DEBUG#1a4b8f24-b806-11f1-b026-eeee0a8f5db8.full_stack_node-srv#flowable-async-job-executor-thread-3811#
[PollStageAppStatusExecution] bfb51320-c639-4d6f-a060-331a75f92540 [2026-09-24T10:55:11.814397] Uploading complete (STDOUT, STG)#
#2026 09 24 10:55:19.248#Z#DEBUG#1a4b8f24-b806-11f1-b026-eeee0a8f5db8.full_stack_node-srv#flowable-async-job-executor-thread-3811#
[PollStageAppStatusExecution] bfb51320-c639-4d6f-a060-331a75f92540 [2026-09-24T10:55:13.667578] Cell d1cc041a-d5a1-41d6-b9f6-6cda736ce3f0 stopping instance abbbceca-6d51-4965-9023-619048a225ef (STDOUT, STG)#
#2026 09 24 10:55:19.248#Z#DEBUG#1a4b8f24-b806-11f1-b026-eeee0a8f5db8.full_stack_node-srv#flowable-async-job-executor-thread-3811#
[PollStageAppStatusExecution] bfb51320-c639-4d6f-a060-331a75f92540 [2026-09-24T10:55:13.667625] Cell d1cc041a-d5a1-41d6-b9f6-6cda736ce3f0 destroying container for instance abbbceca-6d51-4965-9023-619048a225ef (STDOUT, STG)#
#2026 09 24 10:55:19.248#Z#DEBUG#1a4b8f24-b806-11f1-b026-eeee0a8f5db8.full_stack_node-srv#flowable-async-job-executor-thread-3811#
[PollStageAppStatusExecution] bfb51320-c639-4d6f-a060-331a75f92540 [2026-09-24T10:55:13.726473] Staging complete for build abbbceca-6d51-4965-9023-619048a225ef (STDOUT, API)#
#2026 09 24 10:55:29.777#Z#DEBUG#1a4b8f24-b806-11f1-b026-eeee0a8f5db8.full_stack_node-srv#flowable-async-job-executor-thread-3814#
[PollStartAppStatusExecution] bfb51320-c639-4d6f-a060-331a75f92540 [2026-09-24T10:55:19.326074] Updated app with guid bfb51320-c639-4d6f-a060-331a75f92540 ({:droplet_guid=>"cb646ddc-527c-4c0b-b887-c292b8ed890d"}) (STDOUT, API)#
#2026 09 24 10:55:29.777#Z#DEBUG#1a4b8f24-b806-11f1-b026-eeee0a8f5db8.full_stack_node-srv#flowable-async-job-executor-thread-3814#
[PollStartAppStatusExecution] bfb51320-c639-4d6f-a060-331a75f92540 [2026-09-24T10:55:19.700058] Creating revision for app with guid bfb51320-c639-4d6f-a060-331a75f92540 (STDOUT, API)#
#2026 09 24 10:55:29.777#Z#DEBUG#1a4b8f24-b806-11f1-b026-eeee0a8f5db8.full_stack_node-srv#flowable-async-job-executor-thread-3814#
[PollStartAppStatusExecution] bfb51320-c639-4d6f-a060-331a75f92540 [2026-09-24T10:55:19.741554] Starting app with guid bfb51320-c639-4d6f-a060-331a75f92540 (STDOUT, API)#
#2026 09 24 10:55:29.777#Z#DEBUG#1a4b8f24-b806-11f1-b026-eeee0a8f5db8.full_stack_node-srv#flowable-async-job-executor-thread-3814#
[PollStartAppStatusExecution] bfb51320-c639-4d6f-a060-331a75f92540 [2026-09-24T10:55:19.772796] Cell d1cc041a-d5a1-41d6-b9f6-6cda736ce3f0 successfully destroyed container for instance abbbceca-6d51-4965-9023-619048a225ef (STDOUT, STG)#
#2026 09 24 10:55:29.777#Z#DEBUG#1a4b8f24-b806-11f1-b026-eeee0a8f5db8.full_stack_node-srv#flowable-async-job-executor-thread-3814#
[PollStartAppStatusExecution] bfb51320-c639-4d6f-a060-331a75f92540 [2026-09-24T10:55:20.363869] Cell 77283d80-dfa7-40ba-ba4e-265aef112085 creating container for instance cef0c6dc-bd73-4e18-551c-4c94 (STDOUT, CELL)#
#2026 09 24 10:55:29.777#Z#DEBUG#1a4b8f24-b806-11f1-b026-eeee0a8f5db8.full_stack_node-srv#flowable-async-job-executor-thread-3814#
[PollStartAppStatusExecution] bfb51320-c639-4d6f-a060-331a75f92540 [2026-09-24T10:55:21.263653] Security group rules were updated (STDOUT, CELL)#
#2026 09 24 10:55:29.777#Z#DEBUG#1a4b8f24-b806-11f1-b026-eeee0a8f5db8.full_stack_node-srv#flowable-async-job-executor-thread-3814#
[PollStartAppStatusExecution] bfb51320-c639-4d6f-a060-331a75f92540 [2026-09-24T10:55:21.310787] Cell 77283d80-dfa7-40ba-ba4e-265aef112085 successfully created container for instance cef0c6dc-bd73-4e18-551c-4c94 (STDOUT, CELL)#
#2026 09 24 10:55:29.777#Z#DEBUG#1a4b8f24-b806-11f1-b026-eeee0a8f5db8.full_stack_node-srv#flowable-async-job-executor-thread-3814#
[PollStartAppStatusExecution] bfb51320-c639-4d6f-a060-331a75f92540 [2026-09-24T10:55:22.089964] Downloading droplet... (STDOUT, CELL)#
#2026 09 24 10:55:29.777#Z#DEBUG#1a4b8f24-b806-11f1-b026-eeee0a8f5db8.full_stack_node-srv#flowable-async-job-executor-thread-3814#
[PollStartAppStatusExecution] bfb51320-c639-4d6f-a060-331a75f92540 [2026-09-24T10:55:26.619517] Cell 684caff8-89cd-492b-be01-b3d0835f1763 destroying container for instance 377e405d-4144-4f18-7ece-6be6 (STDOUT, CELL)#
#2026 09 24 10:55:29.777#Z#DEBUG#1a4b8f24-b806-11f1-b026-eeee0a8f5db8.full_stack_node-srv#flowable-async-job-executor-thread-3814#
[PollStartAppStatusExecution] bfb51320-c639-4d6f-a060-331a75f92540 [2026-09-24T10:55:27.170421] Exit status 137 (STDOUT, PROXY)#
#2026 09 24 10:55:29.777#Z#DEBUG#1a4b8f24-b806-11f1-b026-eeee0a8f5db8.full_stack_node-srv#flowable-async-job-executor-thread-3814#
[PollStartAppStatusExecution] bfb51320-c639-4d6f-a060-331a75f92540 [2026-09-24T10:55:29.412499] Cell 684caff8-89cd-492b-be01-b3d0835f1763 successfully destroyed container for instance 377e405d-4144-4f18-7ece-6be6 (STDOUT, CELL)#
#2026 09 24 10:55:39.773#Z#DEBUG#1a4b8f24-b806-11f1-b026-eeee0a8f5db8.full_stack_node-srv#flowable-async-job-executor-thread-3534#
[PollStartAppStatusExecution] bfb51320-c639-4d6f-a060-331a75f92540 [2026-09-24T10:55:33.806148] Downloaded droplet (100.9M) (STDOUT, CELL)#
#2026 09 24 10:55:39.773#Z#DEBUG#1a4b8f24-b806-11f1-b026-eeee0a8f5db8.full_stack_node-srv#flowable-async-job-executor-thread-3534#
[PollStartAppStatusExecution] bfb51320-c639-4d6f-a060-331a75f92540 [2026-09-24T10:55:33.806393] Starting health monitoring of container (STDOUT, CELL)#
#2026 09 24 10:55:39.773#Z#DEBUG#1a4b8f24-b806-11f1-b026-eeee0a8f5db8.full_stack_node-srv#flowable-async-job-executor-thread-3534#
[PollStartAppStatusExecution] bfb51320-c639-4d6f-a060-331a75f92540 [2026-09-24T10:55:33.988897] Invoking pre-start scripts. (STDOUT, APP/PROC/WEB)#
#2026 09 24 10:55:39.773#Z#DEBUG#1a4b8f24-b806-11f1-b026-eeee0a8f5db8.full_stack_node-srv#flowable-async-job-executor-thread-3534#
[PollStartAppStatusExecution] bfb51320-c639-4d6f-a060-331a75f92540 [2026-09-24T10:55:34.281226] Invoking start command. (STDOUT, APP/PROC/WEB)#
#2026 09 24 10:55:39.773#Z#DEBUG#1a4b8f24-b806-11f1-b026-eeee0a8f5db8.full_stack_node-srv#flowable-async-job-executor-thread-3534#
[PollStartAppStatusExecution] bfb51320-c639-4d6f-a060-331a75f92540 [2026-09-24T10:55:34.769812] > full_stack_node@1.0.0 start (STDOUT, APP/PROC/WEB)#
#2026 09 24 10:55:39.773#Z#DEBUG#1a4b8f24-b806-11f1-b026-eeee0a8f5db8.full_stack_node-srv#flowable-async-job-executor-thread-3534#
[PollStartAppStatusExecution] bfb51320-c639-4d6f-a060-331a75f92540 [2026-09-24T10:55:34.769842] > cds-serve (STDOUT, APP/PROC/WEB)#
#2026 09 24 10:55:39.773#Z#DEBUG#1a4b8f24-b806-11f1-b026-eeee0a8f5db8.full_stack_node-srv#flowable-async-job-executor-thread-3534#
[PollStartAppStatusExecution] bfb51320-c639-4d6f-a060-331a75f92540 [2026-09-24T10:55:35.119579] {"level":"info","logger":"cds","timestamp":"2026-09-24T10:55:35.115Z","layer":"cds","component_type":"application","container_id":"10.32.3.6","component_id":"bfb51320-c639-4d6f-a060-331a75f92540","component_name":"full_stack_node-srv","component_instance":0,"source_instance":0,"organization_name":"4648be79trial","organization_id":"401493b1-a023-401e-b3e3-5659a61de2fa","space_name":"dev","space_id":"a431609a-0b6e-4e57-8287-64b18712b50a","msg":"loaded model from 1 file(s):\n ","type":"log"} (STDOUT, APP/PROC/WEB)#
#2026 09 24 10:55:39.773#Z#DEBUG#1a4b8f24-b806-11f1-b026-eeee0a8f5db8.full_stack_node-srv#flowable-async-job-executor-thread-3534#
[PollStartAppStatusExecution] bfb51320-c639-4d6f-a060-331a75f92540 [2026-09-24T10:55:35.119610] srv/csn.json (STDOUT, APP/PROC/WEB)#
#2026 09 24 10:55:39.773#Z#DEBUG#1a4b8f24-b806-11f1-b026-eeee0a8f5db8.full_stack_node-srv#flowable-async-job-executor-thread-3534#
[PollStartAppStatusExecution] bfb51320-c639-4d6f-a060-331a75f92540 [2026-09-24T10:55:35.340928] {"level":"info","logger":"cds","timestamp":"2026-09-24T10:55:35.340Z","layer":"cds","component_type":"application","container_id":"10.32.3.6","component_id":"bfb51320-c639-4d6f-a060-331a75f92540","component_name":"full_stack_node-srv","component_instance":0,"source_instance":0,"organization_name":"4648be79trial","organization_id":"401493b1-a023-401e-b3e3-5659a61de2fa","space_name":"dev","space_id":"a431609a-0b6e-4e57-8287-64b18712b50a","msg":"connect to db > hana {\n  database_id: 'f80f770d-1460-4d88-9c52-5beedcf8f685',\n  host: 'f80f770d-1460-4d88-9c52-5beedcf8f685.hna0.prod-us10.hanacloud.ondemand.com',\n  port: '443',\n  driver: 'com.sap.db.jdbc.Driver',\n  url: 'jdbc:sap://f80f770d-1460-4d88-9c52-5beedcf8f685.hna0.prod-us10.hanacloud.ondemand.com:443?encrypt=true&validateCertificate=true&currentschema=194EC926CBCC4DCD8860CC81CF55149F',\n  schema: '194EC926CBCC4DCD8860CC81CF55149F',\n  certificate: '...',\n  hdi_user: '194EC926CBCC4DCD8860CC81CF55149F_E1US3ZJPTHHEOG5ZLL17ZYD44_DT',\n  hdi_password: '...',\n  user: '194EC926CBCC4DCD8860CC81CF55149F_E1US3ZJPTHHEOG5ZLL17ZYD44_RT',\n  password: '...'\n}","type":"log"} (STDOUT, APP/PROC/WEB)#
#2026 09 24 10:55:39.773#Z#DEBUG#1a4b8f24-b806-11f1-b026-eeee0a8f5db8.full_stack_node-srv#flowable-async-job-executor-thread-3534#
[PollStartAppStatusExecution] bfb51320-c639-4d6f-a060-331a75f92540 [2026-09-24T10:55:36.108418] {"level":"info","logger":"cds","timestamp":"2026-09-24T10:55:36.107Z","layer":"cds","component_type":"application","container_id":"10.32.3.6","component_id":"bfb51320-c639-4d6f-a060-331a75f92540","component_name":"full_stack_node-srv","component_instance":0,"source_instance":0,"organization_name":"4648be79trial","organization_id":"401493b1-a023-401e-b3e3-5659a61de2fa","space_name":"dev","space_id":"a431609a-0b6e-4e57-8287-64b18712b50a","msg":"using auth strategy { kind: 'xsuaa' }","type":"log"} (STDOUT, APP/PROC/WEB)#
#2026 09 24 10:55:39.773#Z#DEBUG#1a4b8f24-b806-11f1-b026-eeee0a8f5db8.full_stack_node-srv#flowable-async-job-executor-thread-3534#
[PollStartAppStatusExecution] bfb51320-c639-4d6f-a060-331a75f92540 [2026-09-24T10:55:36.142730] {"level":"info","logger":"cds","timestamp":"2026-09-24T10:55:36.142Z","layer":"cds","component_type":"application","container_id":"10.32.3.6","component_id":"bfb51320-c639-4d6f-a060-331a75f92540","component_name":"full_stack_node-srv","component_instance":0,"source_instance":0,"organization_name":"4648be79trial","organization_id":"401493b1-a023-401e-b3e3-5659a61de2fa","space_name":"dev","space_id":"a431609a-0b6e-4e57-8287-64b18712b50a","msg":"serving AdminService {\n  at: [ '/odata/v4/admin' ],\n  decl: 'srv/csn.json:296',\n  impl: 'srv/admin-service.js'\n}","type":"log"} (STDOUT, APP/PROC/WEB)#
#2026 09 24 10:55:39.773#Z#DEBUG#1a4b8f24-b806-11f1-b026-eeee0a8f5db8.full_stack_node-srv#flowable-async-job-executor-thread-3534#
[PollStartAppStatusExecution] bfb51320-c639-4d6f-a060-331a75f92540 [2026-09-24T10:55:36.143709] {"level":"info","logger":"cds","timestamp":"2026-09-24T10:55:36.143Z","layer":"cds","component_type":"application","container_id":"10.32.3.6","component_id":"bfb51320-c639-4d6f-a060-331a75f92540","component_name":"full_stack_node-srv","component_instance":0,"source_instance":0,"organization_name":"4648be79trial","organization_id":"401493b1-a023-401e-b3e3-5659a61de2fa","space_name":"dev","space_id":"a431609a-0b6e-4e57-8287-64b18712b50a","msg":"serving ChatService {\n  at: [ '/odata/v4/chat' ],\n  decl: 'srv/csn.json:505',\n  impl: 'srv/chat-service.js'\n}","type":"log"} (STDOUT, APP/PROC/WEB)#
#2026 09 24 10:55:39.773#Z#DEBUG#1a4b8f24-b806-11f1-b026-eeee0a8f5db8.full_stack_node-srv#flowable-async-job-executor-thread-3534#
[PollStartAppStatusExecution] bfb51320-c639-4d6f-a060-331a75f92540 [2026-09-24T10:55:36.147913] {"level":"info","logger":"cds","timestamp":"2026-09-24T10:55:36.146Z","layer":"cds","component_type":"application","container_id":"10.32.3.6","component_id":"bfb51320-c639-4d6f-a060-331a75f92540","component_name":"full_stack_node-srv","component_instance":0,"source_instance":0,"organization_name":"4648be79trial","organization_id":"401493b1-a023-401e-b3e3-5659a61de2fa","space_name":"dev","space_id":"a431609a-0b6e-4e57-8287-64b18712b50a","msg":"server listening on { url: 'http://localhost:8080' }","type":"log"} (STDOUT, APP/PROC/WEB)#
#2026 09 24 10:55:39.773#Z#DEBUG#1a4b8f24-b806-11f1-b026-eeee0a8f5db8.full_stack_node-srv#flowable-async-job-executor-thread-3534#
[PollStartAppStatusExecution] bfb51320-c639-4d6f-a060-331a75f92540 [2026-09-24T10:55:36.149295] {"level":"info","logger":"cds","timestamp":"2026-09-24T10:55:36.149Z","layer":"cds","component_type":"application","container_id":"10.32.3.6","component_id":"bfb51320-c639-4d6f-a060-331a75f92540","component_name":"full_stack_node-srv","component_instance":0,"source_instance":0,"organization_name":"4648be79trial","organization_id":"401493b1-a023-401e-b3e3-5659a61de2fa","space_name":"dev","space_id":"a431609a-0b6e-4e57-8287-64b18712b50a","msg":"server v10.1.1 launched in 1366 ms","type":"log"} (STDOUT, APP/PROC/WEB)#
#2026 09 24 10:55:39.773#Z#DEBUG#1a4b8f24-b806-11f1-b026-eeee0a8f5db8.full_stack_node-srv#flowable-async-job-executor-thread-3534#
[PollStartAppStatusExecution] bfb51320-c639-4d6f-a060-331a75f92540 [2026-09-24T10:55:38.199320] Container became healthy (STDOUT, CELL)#
#2026 09 24 10:55:39.773#Z#DEBUG#1a4b8f24-b806-11f1-b026-eeee0a8f5db8.full_stack_node-srv#flowable-async-job-executor-thread-3534#
[PollStartAppStatusExecution] bfb51320-c639-4d6f-a060-331a75f92540 [2026-09-24T10:55:38.226477] Process became ready with guid bfb51320-c639-4d6f-a060-331a75f92540 payload: {"instance"=>"cef0c6dc-bd73-4e18-551c-4c94", "index"=>0, "cell_id"=>"77283d80-dfa7-40ba-ba4e-265aef112085", "ready"=>true, "version"=>"e70d3b5c-5228-490a-98a5-0c09a6400a27"} (STDOUT, API)#
